#
# A fatal error has been detected by the Java Runtime Environment:
#
#  SIGSEGV (0xb) at pc=0x000074a8b829fff4, pid=100706, tid=100708
#
# JRE version: OpenJDK Runtime Environment (21.0.11+10) (build 21.0.11+10-1-24.04.2-Ubuntu)
# Java VM: OpenJDK 64-Bit Server VM (21.0.11+10-1-24.04.2-Ubuntu, mixed mode, sharing, tiered, compressed oops, compressed class ptrs, g1 gc, linux-amd64)
# Problematic frame:
# C  [libc.so.6+0x9fff4]  pthread_mutex_lock+0x4
#
# Core dump will be written. Default location: Core dumps may be processed with "/usr/share/apport/apport -p%p -s%s -c%c -d%d -P%P -u%u -g%g -F%F -- %E" (or dumping to /home/grishberg/projects/java/opengl_kbd_render/javascad/core.100706)
#
# If you would like to submit a bug report, please visit:
#   https://bugs.launchpad.net/ubuntu/+source/openjdk-21
# The crash happened outside the Java Virtual Machine in native code.
# See problematic frame for where to report the bug.
#

---------------  S U M M A R Y ------------

Command Line: -Dfile.encoding=UTF-8 -Duser.country=US -Duser.language=en -Duser.variant eu.printingin3d.javascad.manifold.TestModel

Host: AMD Ryzen 7 5800X3D 8-Core Processor, 16 cores, 121G, Ubuntu 24.04.4 LTS
Time: Tue Jul 14 21:39:30 2026 MSK elapsed time: 0.115852 seconds (0d 0h 0m 0s)

---------------  T H R E A D  ---------------

Current thread (0x000074a8b0019de0):  JavaThread "main"             [_thread_in_native, id=100708, stack(0x000074a8b6b00000,0x000074a8b6c00000) (1024K)]

Stack: [0x000074a8b6b00000,0x000074a8b6c00000],  sp=0x000074a8b6bfe4d8,  free space=1017k
Native frames: (J=compiled Java code, j=interpreted, Vv=VM code, C=native code)
C  [libc.so.6+0x9fff4]  pthread_mutex_lock+0x4
Java frames: (J=compiled Java code, j=interpreted, Vv=VM code)
j  com.cadoodlecad.manifold.ManifoldBindings.jniUnion(JJJ)J+0
j  com.cadoodlecad.manifold.ManifoldBindings.union(JJ)J+9
j  eu.printingin3d.javascad.manifold.TestModel.generateTestPart()V+175
j  eu.printingin3d.javascad.manifold.TestModel.main([Ljava/lang/String;)V+9
v  ~StubRoutines::call_stub 0x000074a89fc5fcc6

siginfo: si_signo: 11 (SIGSEGV), si_code: 1 (SEGV_MAPERR), si_addr: 0x0000000000000010

Registers:
RAX=0x000074a81affd360, RBX=0x000074a8b01f5200, RCX=0x0000000000000000, RDX=0x0000000000000000
RSP=0x000074a8b6bfe4d8, RBP=0x000074a8b6bfe510, RSI=0x000074a8b01f5200, RDI=0x0000000000000000
R8 =0x000074a8b01f5200, R9 =0x0000000000000000, R10=0x000074a81aea0690, R11=0x000074a81af57c10
R12=0x0000000000000000, R13=0x000074a8b01ea460, R14=0x000074a8b6bfe510, R15=0x000074a81af11e30
RIP=0x000074a8b829fff4, EFLAGS=0x0000000000010246, CSGSFS=0x002b000000000033, ERR=0x0000000000000004
  TRAPNO=0x000000000000000e

XMM[0]=0x000074a8b01ea450 0x000074a8b01ea460
XMM[1]=0xc3000074a89fc68f 0xd6b848d8468b4de8
XMM[2]=0x000074a8b001a5b0 0x000074a8b001a5a0
XMM[3]=0x0000000000000000 0x000000000ff1006e
XMM[4]=0x0000000000000000 0x0000000000000000
XMM[5]=0x0000000000000000 0x000074a8b0019de0
XMM[6]=0x0000000000000000 0x000074a8b0019de0
XMM[7]=0x0000000000000000 0x0000000000000000
XMM[8]=0x1800010000000400 0x02003000656c6946
XMM[9]=0x0000000000000000 0xf6273987a9a530d3
XMM[10]=0x0000000000000000 0x00000000b37df74c
XMM[11]=0x0000000000000000 0x529db758fc42e82b
XMM[12]=0x0000000000000000 0x00000000a9a530d3
XMM[13]=0x0000000000000000 0x3ff0000000000000
XMM[14]=0x0000000000000000 0x4014000000000000
XMM[15]=0x0000000000000000 0x0000000000000000
  MXCSR=0x00001fa7


Register to memory mapping:

RAX=0x000074a81affd360: _ZTVN8manifold11CsgLeafNodeE+0x0000000000000010 in /tmp/manifold3d5634132031141994151/libmanifold.so at 0x000074a81ae9b000
RBX=0x000074a8b01f5200 points into unknown readable memory: 0x0000000000000000 | 00 00 00 00 00 00 00 00
RCX=0x0 is null
RDX=0x0 is null
RSP=0x000074a8b6bfe4d8 is pointing into the stack for thread: 0x000074a8b0019de0
RBP=0x000074a8b6bfe510 is pointing into the stack for thread: 0x000074a8b0019de0
RSI=0x000074a8b01f5200 points into unknown readable memory: 0x0000000000000000 | 00 00 00 00 00 00 00 00
RDI=0x0 is null
R8 =0x000074a8b01f5200 points into unknown readable memory: 0x0000000000000000 | 00 00 00 00 00 00 00 00
R9 =0x0 is null
R10=0x000074a81aea0690: <offset 0x0000000000005690> in /tmp/manifold3d5634132031141994151/libmanifold.so at 0x000074a81ae9b000
R11=0x000074a81af57c10: _ZNK8manifold8Manifold7BooleanERKS0_NS_6OpTypeE+0x0000000000000000 in /tmp/manifold3d5634132031141994151/libmanifold.so at 0x000074a81ae9b000
R12=0x0 is null
R13=0x000074a8b01ea460 points into unknown readable memory: 0x000074a81affd360 | 60 d3 ff 1a a8 74 00 00
R14=0x000074a8b6bfe510 is pointing into the stack for thread: 0x000074a8b0019de0
R15=0x000074a81af11e30: _ZN8manifold7CsgNode7BooleanERKSt10shared_ptrIS0_ENS_6OpTypeE+0x0000000000000000 in /tmp/manifold3d5634132031141994151/libmanifold.so at 0x000074a81ae9b000

Top of Stack: (sp=0x000074a8b6bfe4d8)
0x000074a8b6bfe4d8:   000074a81af54899 000074a8b6bfe5a0   .H...t.......t..
0x000074a8b6bfe4e8:   0000000000000000 000074a8b01f5200   .........R...t..
0x000074a8b6bfe4f8:   000074a81af57c5e 000074a8b01ea460   ^|...t..`....t..
0x000074a8b6bfe508:   000074a8b01ea450 000074a89fc82780   P....t...'...t..
0x000074a8b6bfe518:   000074a800000400 000074a8b6bfe528   .....t..(....t..
0x000074a8b6bfe528:   000074a8b8009c40 0000000000000000   @....t..........
0x000074a8b6bfe538:   3e8c26791bdbfc00 0000000000000000   ....y&.>........
0x000074a8b6bfe548:   000074a8b6bfe5a0 000074a8b6bfe5a0   .....t.......t..
0x000074a8b6bfe558:   000074a8b01f5200 000074a81040eb50   .R...t..P.@..t..
0x000074a8b6bfe568:   000074a8b6bfe708 000074a8b0019de0   .....t.......t..
0x000074a8b6bfe578:   000074a81af57eb3 000074a8b02fcf30   .~...t..0./..t..
0x000074a8b6bfe588:   3e8c26791bdbfc00 000074a8b02fcf30   ....y&.>0./..t..
0x000074a8b6bfe598:   000074a8b40502f6 0000000000000000   .....t..........
0x000074a8b6bfe5a8:   0000000800000000 000074a810525570   ........pUR..t..
0x000074a8b6bfe5b8:   000074a8b0019de0 000074a8b6bfe5f0   .....t.......t..
0x000074a8b6bfe5c8:   000074a8b0003950 000074a8b6bfe708   P9...t.......t..
0x000074a8b6bfe5d8:   3e8c26791bdbfc00 000074a81040eb50   ....y&.>P.@..t..
0x000074a8b6bfe5e8:   000074a8b6bfe630 0000000000000000   0....t..........
0x000074a8b6bfe5f8:   000074a8b403afbf 000074a89fc66a90   .....t...j...t..
0x000074a8b6bfe608:   000074a8b01f5200 000074a8b01eb6a0   .R...t.......t..
0x000074a8b6bfe618:   000074a8b02fcf30 000074a8b6bfe6d0   0./..t.......t..
0x000074a8b6bfe628:   000074a8b001a1a0 000074a8b6bfe6c0   .....t.......t..
0x000074a8b6bfe638:   000074a89fc6b9c0 000074a8b0019de0   .....t.......t..
0x000074a8b6bfe648:   000074a81040eb50 0000000000000000   P.@..t..........
0x000074a8b6bfe658:   000074a81040eb50 000074a8b6bfe6c0   P.@..t.......t..
0x000074a8b6bfe668:   000074a89fc6b6a5 000074a89fc6b65f   .....t.._....t..
0x000074a8b6bfe678:   000074a8b6bfe678 000074a81040eb50   x....t..P.@..t..
0x000074a8b6bfe688:   0000000000000009 000074a8104187e8   ..........A..t..
0x000074a8b6bfe698:   0000000000000000 00000000fb082bd8   .........+......
0x000074a8b6bfe6a8:   000074a81040eb50 0000000000000000   P.@..t..........
0x000074a8b6bfe6b8:   000074a8b6bfe6e0 000074a8b6bfe758   .....t..X....t..
0x000074a8b6bfe6c8:   000074a89fc6725e 00000000fb082bd8   ^r...t...+......

Instructions: (pc=0x000074a8b829fff4)
0x000074a8b829fef4:   ff ff ff 83 f8 92 0f 84 68 ff ff ff 8d 50 26 83
0x000074a8b829ff04:   f8 da 72 14 48 b8 09 00 00 08 2c 00 00 00 48 0f
0x000074a8b829ff14:   a3 d0 0f 82 4c ff ff ff 48 8d 3d d5 10 13 00 e8
0x000074a8b829ff24:   18 0b ff ff 83 f8 f5 0f 84 a9 fd ff ff 83 f8 fc
0x000074a8b829ff34:   0f 84 a0 fd ff ff eb e0 0f 1f 40 00 be 80 00 00
0x000074a8b829ff44:   00 48 89 df e8 73 90 ff ff e9 16 ff ff ff 64 48
0x000074a8b829ff54:   c7 04 25 f0 02 00 00 00 00 00 00 b8 23 00 00 00
0x000074a8b829ff64:   e9 97 fa ff ff b8 0b 00 00 00 e9 8d fa ff ff 41
0x000074a8b829ff74:   8b 04 24 83 e0 7f 83 f8 12 74 d3 83 f8 11 0f 85
0x000074a8b829ff84:   2f fd ff ff e9 06 ff ff ff e8 2e 7f 09 00 48 8d
0x000074a8b829ff94:   0d e7 4d 13 00 ba bd 01 00 00 48 8d 35 c0 c4 12
0x000074a8b829ffa4:   00 48 8d 3d 74 11 13 00 e8 3f b3 f9 ff 48 8d 0d
0x000074a8b829ffb4:   c8 4d 13 00 ba c2 01 00 00 48 8d 35 a1 c4 12 00
0x000074a8b829ffc4:   48 8d 3d af c4 12 00 e8 20 b3 f9 ff 48 8d 0d a9
0x000074a8b829ffd4:   4d 13 00 ba 5f 02 00 00 48 8d 35 82 c4 12 00 48
0x000074a8b829ffe4:   8d 3d a6 c4 12 00 e8 01 b3 f9 ff 90 f3 0f 1e fa
0x000074a8b829fff4:   8b 47 10 89 c2 81 e2 7f 01 00 00 90 83 e0 7c 0f
0x000074a8b82a0004:   85 a7 00 00 00 55 48 89 e5 53 48 83 ec 18 85 d2
0x000074a8b82a0014:   0f 85 9e 00 00 00 44 8b 0d 0f 57 16 00 45 85 c9
0x000074a8b82a0024:   75 5a 8b 77 10 81 e6 80 00 00 00 75 09 80 3d 08
0x000074a8b82a0034:   b0 16 00 00 75 36 31 c0 ba 01 00 00 00 f0 0f b1
0x000074a8b82a0044:   17 0f 85 ad 00 00 00 8b 4f 08 85 c9 0f 85 54 01
0x000074a8b82a0054:   00 00 64 8b 04 25 d0 02 00 00 89 47 08 83 47 0c
0x000074a8b82a0064:   01 90 31 c0 48 8b 5d f8 c9 c3 66 90 44 8b 07 45
0x000074a8b82a0074:   85 c0 75 c2 c7 07 01 00 00 00 eb cb 8b 47 10 f6
0x000074a8b82a0084:   c4 03 74 08 f6 c4 01 74 99 eb 07 90 80 cc 01 89
0x000074a8b82a0094:   47 10 8b 57 10 48 8b 5d f8 48 8d 77 16 c9 81 e2
0x000074a8b82a00a4:   80 00 00 00 e9 a3 88 ff ff 0f 1f 00 e9 5b f8 ff
0x000074a8b82a00b4:   ff 0f 1f 00 81 fa 00 01 00 00 74 d6 8b 57 10 83
0x000074a8b82a00c4:   e2 7f 83 fa 01 0f 85 8e 00 00 00 64 8b 04 25 d0
0x000074a8b82a00d4:   02 00 00 39 47 08 75 2e 8b 47 04 83 f8 ff 0f 84
0x000074a8b82a00e4:   b8 00 00 00 83 c0 01 89 47 04 e9 73 ff ff ff 0f


Stack slot to memory mapping:

stack at sp + 0 slots: 0x000074a81af54899: _ZNK8manifold8Manifold9LoadPNodeEv+0x0000000000000019 in /tmp/manifold3d5634132031141994151/libmanifold.so at 0x000074a81ae9b000
stack at sp + 1 slots: 0x000074a8b6bfe5a0 is pointing into the stack for thread: 0x000074a8b0019de0
stack at sp + 2 slots: 0x0 is null
stack at sp + 3 slots: 0x000074a8b01f5200 points into unknown readable memory: 0x0000000000000000 | 00 00 00 00 00 00 00 00
stack at sp + 4 slots: 0x000074a81af57c5e: _ZNK8manifold8Manifold7BooleanERKS0_NS_6OpTypeE+0x000000000000004e in /tmp/manifold3d5634132031141994151/libmanifold.so at 0x000074a81ae9b000
stack at sp + 5 slots: 0x000074a8b01ea460 points into unknown readable memory: 0x000074a81affd360 | 60 d3 ff 1a a8 74 00 00
stack at sp + 6 slots: 0x000074a8b01ea450 points into unknown readable memory: 0x000074a81affd440 | 40 d4 ff 1a a8 74 00 00
stack at sp + 7 slots: 0x000074a89fc82780 is at code_begin+0 in 
[CodeBlob (0x000074a89fc82710)]
Framesize: 0
BufferBlob (0x000074a89fc82710) used for Signature Handler Temp Buffer


---------------  P R O C E S S  ---------------

Threads class SMR info:
_java_thread_list=0x000074a7f0079ac0, length=12, elements={
0x000074a8b0019de0, 0x000074a8b0136d00, 0x000074a8b0138280, 0x000074a8b0139a30,
0x000074a8b013b080, 0x000074a8b013c630, 0x000074a8b013e200, 0x000074a8b01478c0,
0x000074a8b0153e70, 0x000074a8b0156eb0, 0x000074a7f0077620, 0x000074a7f0078940
}

Java Threads: ( => current thread )
=>0x000074a8b0019de0 JavaThread "main"                              [_thread_in_native, id=100708, stack(0x000074a8b6b00000,0x000074a8b6c00000) (1024K)]
  0x000074a8b0136d00 JavaThread "Reference Handler"          daemon [_thread_blocked, id=100716, stack(0x000074a8b4189000,0x000074a8b4289000) (1024K)]
  0x000074a8b0138280 JavaThread "Finalizer"                  daemon [_thread_blocked, id=100717, stack(0x000074a8b4089000,0x000074a8b4189000) (1024K)]
  0x000074a8b0139a30 JavaThread "Signal Dispatcher"          daemon [_thread_blocked, id=100718, stack(0x000074a8aff00000,0x000074a8b0000000) (1024K)]
  0x000074a8b013b080 JavaThread "Service Thread"             daemon [_thread_blocked, id=100719, stack(0x000074a870900000,0x000074a870a00000) (1024K)]
  0x000074a8b013c630 JavaThread "Monitor Deflation Thread"   daemon [_thread_blocked, id=100720, stack(0x000074a870800000,0x000074a870900000) (1024K)]
  0x000074a8b013e200 JavaThread "C2 CompilerThread0"         daemon [_thread_blocked, id=100721, stack(0x000074a870700000,0x000074a870800000) (1024K)]
  0x000074a8b01478c0 JavaThread "C1 CompilerThread0"         daemon [_thread_blocked, id=100722, stack(0x000074a870600000,0x000074a870700000) (1024K)]
  0x000074a8b0153e70 JavaThread "Notification Thread"        daemon [_thread_blocked, id=100723, stack(0x000074a87042f000,0x000074a87052f000) (1024K)]
  0x000074a8b0156eb0 JavaThread "Common-Cleaner"             daemon [_thread_blocked, id=100724, stack(0x000074a87032f000,0x000074a87042f000) (1024K)]
  0x000074a7f0077620 JavaThread "C1 CompilerThread1"         daemon [_thread_blocked, id=100725, stack(0x000074a87022f000,0x000074a87032f000) (1024K)]
  0x000074a7f0078940 JavaThread "C1 CompilerThread2"         daemon [_thread_blocked, id=100726, stack(0x000074a87012f000,0x000074a87022f000) (1024K)]
Total: 12

Other Threads:
  0x000074a8b012dbd0 VMThread "VM Thread"                           [id=100715, stack(0x000074a8b428a000,0x000074a8b438a000) (1024K)]
  0x000074a8b011bb50 WatcherThread "VM Periodic Task Thread"        [id=100714, stack(0x000074a8b438b000,0x000074a8b448b000) (1024K)]
  0x000074a8b0048c60 WorkerThread "GC Thread#0"                     [id=100709, stack(0x000074a8b5679000,0x000074a8b5779000) (1024K)]
  0x000074a8b00591a0 ConcurrentGCThread "G1 Main Marker"            [id=100710, stack(0x000074a8b5578000,0x000074a8b5678000) (1024K)]
  0x000074a8b005a150 WorkerThread "G1 Conc#0"                       [id=100711, stack(0x000074a8b5477000,0x000074a8b5577000) (1024K)]
  0x000074a8b0100f00 ConcurrentGCThread "G1 Refine#0"               [id=100712, stack(0x000074a8b4669000,0x000074a8b4769000) (1024K)]
  0x000074a8b0101ed0 ConcurrentGCThread "G1 Service"                [id=100713, stack(0x000074a8b4568000,0x000074a8b4668000) (1024K)]
Total: 7

Threads with active compile tasks:
Total: 0

VM state: not at safepoint (normal execution)

VM Mutex/Monitor currently owned by a thread: None

Heap address: 0x0000000082000000, size: 30688 MB, Compressed Oops mode: Zero based, Oop shift amount: 3

CDS archive(s) mapped at: [0x000074a81b000000-0x000074a81bc9c000-0x000074a81bc9c000), size 13221888, SharedBaseAddress: 0x000074a81b000000, ArchiveRelocationMode: 1.
Compressed class space mapped at: 0x000074a81c000000-0x000074a85c000000, reserved size: 1073741824
Narrow klass base: 0x000074a81b000000, Narrow klass shift: 0, Narrow klass range: 0x100000000

GC Precious Log:
 CardTable entry size: 512
 Card Set container configuration: InlinePtr #cards 3 size 8 Array Of Cards #cards 128 size 272 Howl #buckets 8 coarsen threshold 29491 Howl Bitmap #cards 4096 size 528 coarsen threshold 3686 Card regions per heap region 1 cards per card region 32768
 CPUs: 16 total, 16 available
 Memory: 121G
 Large Page Support: Disabled
 NUMA Support: Disabled
 Compressed Oops: Enabled (Zero based)
 Heap Region Size: 16M
 Heap Min Capacity: 16M
 Heap Initial Capacity: 1952M
 Heap Max Capacity: 30688M
 Pre-touch: Disabled
 Parallel Workers: 13
 Concurrent Workers: 3
 Concurrent Refinement Workers: 13
 Periodic GC: Disabled

Heap:
 garbage-first heap   total 2015232K, used 1073K [0x0000000082000000, 0x0000000800000000)
  region size 16384K, 1 young (16384K), 0 survivors (0K)
 Metaspace       used 2595K, committed 2816K, reserved 1114112K
  class space    used 178K, committed 256K, reserved 1048576K

Heap Regions: E=young(eden), S=young(survivor), O=old, HS=humongous(starts), HC=humongous(continues), CS=collection set, F=free, TAMS=top-at-mark-start, PB=parsable bottom
|   0|0x0000000082000000, 0x0000000082000000, 0x0000000083000000|  0%| F|  |TAMS 0x0000000082000000| PB 0x0000000082000000| Untracked 
|   1|0x0000000083000000, 0x0000000083000000, 0x0000000084000000|  0%| F|  |TAMS 0x0000000083000000| PB 0x0000000083000000| Untracked 
|   2|0x0000000084000000, 0x0000000084000000, 0x0000000085000000|  0%| F|  |TAMS 0x0000000084000000| PB 0x0000000084000000| Untracked 
|   3|0x0000000085000000, 0x0000000085000000, 0x0000000086000000|  0%| F|  |TAMS 0x0000000085000000| PB 0x0000000085000000| Untracked 
|   4|0x0000000086000000, 0x0000000086000000, 0x0000000087000000|  0%| F|  |TAMS 0x0000000086000000| PB 0x0000000086000000| Untracked 
|   5|0x0000000087000000, 0x0000000087000000, 0x0000000088000000|  0%| F|  |TAMS 0x0000000087000000| PB 0x0000000087000000| Untracked 
|   6|0x0000000088000000, 0x0000000088000000, 0x0000000089000000|  0%| F|  |TAMS 0x0000000088000000| PB 0x0000000088000000| Untracked 
|   7|0x0000000089000000, 0x0000000089000000, 0x000000008a000000|  0%| F|  |TAMS 0x0000000089000000| PB 0x0000000089000000| Untracked 
|   8|0x000000008a000000, 0x000000008a000000, 0x000000008b000000|  0%| F|  |TAMS 0x000000008a000000| PB 0x000000008a000000| Untracked 
|   9|0x000000008b000000, 0x000000008b000000, 0x000000008c000000|  0%| F|  |TAMS 0x000000008b000000| PB 0x000000008b000000| Untracked 
|  10|0x000000008c000000, 0x000000008c000000, 0x000000008d000000|  0%| F|  |TAMS 0x000000008c000000| PB 0x000000008c000000| Untracked 
|  11|0x000000008d000000, 0x000000008d000000, 0x000000008e000000|  0%| F|  |TAMS 0x000000008d000000| PB 0x000000008d000000| Untracked 
|  12|0x000000008e000000, 0x000000008e000000, 0x000000008f000000|  0%| F|  |TAMS 0x000000008e000000| PB 0x000000008e000000| Untracked 
|  13|0x000000008f000000, 0x000000008f000000, 0x0000000090000000|  0%| F|  |TAMS 0x000000008f000000| PB 0x000000008f000000| Untracked 
|  14|0x0000000090000000, 0x0000000090000000, 0x0000000091000000|  0%| F|  |TAMS 0x0000000090000000| PB 0x0000000090000000| Untracked 
|  15|0x0000000091000000, 0x0000000091000000, 0x0000000092000000|  0%| F|  |TAMS 0x0000000091000000| PB 0x0000000091000000| Untracked 
|  16|0x0000000092000000, 0x0000000092000000, 0x0000000093000000|  0%| F|  |TAMS 0x0000000092000000| PB 0x0000000092000000| Untracked 
|  17|0x0000000093000000, 0x0000000093000000, 0x0000000094000000|  0%| F|  |TAMS 0x0000000093000000| PB 0x0000000093000000| Untracked 
|  18|0x0000000094000000, 0x0000000094000000, 0x0000000095000000|  0%| F|  |TAMS 0x0000000094000000| PB 0x0000000094000000| Untracked 
|  19|0x0000000095000000, 0x0000000095000000, 0x0000000096000000|  0%| F|  |TAMS 0x0000000095000000| PB 0x0000000095000000| Untracked 
|  20|0x0000000096000000, 0x0000000096000000, 0x0000000097000000|  0%| F|  |TAMS 0x0000000096000000| PB 0x0000000096000000| Untracked 
|  21|0x0000000097000000, 0x0000000097000000, 0x0000000098000000|  0%| F|  |TAMS 0x0000000097000000| PB 0x0000000097000000| Untracked 
|  22|0x0000000098000000, 0x0000000098000000, 0x0000000099000000|  0%| F|  |TAMS 0x0000000098000000| PB 0x0000000098000000| Untracked 
|  23|0x0000000099000000, 0x0000000099000000, 0x000000009a000000|  0%| F|  |TAMS 0x0000000099000000| PB 0x0000000099000000| Untracked 
|  24|0x000000009a000000, 0x000000009a000000, 0x000000009b000000|  0%| F|  |TAMS 0x000000009a000000| PB 0x000000009a000000| Untracked 
|  25|0x000000009b000000, 0x000000009b000000, 0x000000009c000000|  0%| F|  |TAMS 0x000000009b000000| PB 0x000000009b000000| Untracked 
|  26|0x000000009c000000, 0x000000009c000000, 0x000000009d000000|  0%| F|  |TAMS 0x000000009c000000| PB 0x000000009c000000| Untracked 
|  27|0x000000009d000000, 0x000000009d000000, 0x000000009e000000|  0%| F|  |TAMS 0x000000009d000000| PB 0x000000009d000000| Untracked 
|  28|0x000000009e000000, 0x000000009e000000, 0x000000009f000000|  0%| F|  |TAMS 0x000000009e000000| PB 0x000000009e000000| Untracked 
|  29|0x000000009f000000, 0x000000009f000000, 0x00000000a0000000|  0%| F|  |TAMS 0x000000009f000000| PB 0x000000009f000000| Untracked 
|  30|0x00000000a0000000, 0x00000000a0000000, 0x00000000a1000000|  0%| F|  |TAMS 0x00000000a0000000| PB 0x00000000a0000000| Untracked 
|  31|0x00000000a1000000, 0x00000000a1000000, 0x00000000a2000000|  0%| F|  |TAMS 0x00000000a1000000| PB 0x00000000a1000000| Untracked 
|  32|0x00000000a2000000, 0x00000000a2000000, 0x00000000a3000000|  0%| F|  |TAMS 0x00000000a2000000| PB 0x00000000a2000000| Untracked 
|  33|0x00000000a3000000, 0x00000000a3000000, 0x00000000a4000000|  0%| F|  |TAMS 0x00000000a3000000| PB 0x00000000a3000000| Untracked 
|  34|0x00000000a4000000, 0x00000000a4000000, 0x00000000a5000000|  0%| F|  |TAMS 0x00000000a4000000| PB 0x00000000a4000000| Untracked 
|  35|0x00000000a5000000, 0x00000000a5000000, 0x00000000a6000000|  0%| F|  |TAMS 0x00000000a5000000| PB 0x00000000a5000000| Untracked 
|  36|0x00000000a6000000, 0x00000000a6000000, 0x00000000a7000000|  0%| F|  |TAMS 0x00000000a6000000| PB 0x00000000a6000000| Untracked 
|  37|0x00000000a7000000, 0x00000000a7000000, 0x00000000a8000000|  0%| F|  |TAMS 0x00000000a7000000| PB 0x00000000a7000000| Untracked 
|  38|0x00000000a8000000, 0x00000000a8000000, 0x00000000a9000000|  0%| F|  |TAMS 0x00000000a8000000| PB 0x00000000a8000000| Untracked 
|  39|0x00000000a9000000, 0x00000000a9000000, 0x00000000aa000000|  0%| F|  |TAMS 0x00000000a9000000| PB 0x00000000a9000000| Untracked 
|  40|0x00000000aa000000, 0x00000000aa000000, 0x00000000ab000000|  0%| F|  |TAMS 0x00000000aa000000| PB 0x00000000aa000000| Untracked 
|  41|0x00000000ab000000, 0x00000000ab000000, 0x00000000ac000000|  0%| F|  |TAMS 0x00000000ab000000| PB 0x00000000ab000000| Untracked 
|  42|0x00000000ac000000, 0x00000000ac000000, 0x00000000ad000000|  0%| F|  |TAMS 0x00000000ac000000| PB 0x00000000ac000000| Untracked 
|  43|0x00000000ad000000, 0x00000000ad000000, 0x00000000ae000000|  0%| F|  |TAMS 0x00000000ad000000| PB 0x00000000ad000000| Untracked 
|  44|0x00000000ae000000, 0x00000000ae000000, 0x00000000af000000|  0%| F|  |TAMS 0x00000000ae000000| PB 0x00000000ae000000| Untracked 
|  45|0x00000000af000000, 0x00000000af000000, 0x00000000b0000000|  0%| F|  |TAMS 0x00000000af000000| PB 0x00000000af000000| Untracked 
|  46|0x00000000b0000000, 0x00000000b0000000, 0x00000000b1000000|  0%| F|  |TAMS 0x00000000b0000000| PB 0x00000000b0000000| Untracked 
|  47|0x00000000b1000000, 0x00000000b1000000, 0x00000000b2000000|  0%| F|  |TAMS 0x00000000b1000000| PB 0x00000000b1000000| Untracked 
|  48|0x00000000b2000000, 0x00000000b2000000, 0x00000000b3000000|  0%| F|  |TAMS 0x00000000b2000000| PB 0x00000000b2000000| Untracked 
|  49|0x00000000b3000000, 0x00000000b3000000, 0x00000000b4000000|  0%| F|  |TAMS 0x00000000b3000000| PB 0x00000000b3000000| Untracked 
|  50|0x00000000b4000000, 0x00000000b4000000, 0x00000000b5000000|  0%| F|  |TAMS 0x00000000b4000000| PB 0x00000000b4000000| Untracked 
|  51|0x00000000b5000000, 0x00000000b5000000, 0x00000000b6000000|  0%| F|  |TAMS 0x00000000b5000000| PB 0x00000000b5000000| Untracked 
|  52|0x00000000b6000000, 0x00000000b6000000, 0x00000000b7000000|  0%| F|  |TAMS 0x00000000b6000000| PB 0x00000000b6000000| Untracked 
|  53|0x00000000b7000000, 0x00000000b7000000, 0x00000000b8000000|  0%| F|  |TAMS 0x00000000b7000000| PB 0x00000000b7000000| Untracked 
|  54|0x00000000b8000000, 0x00000000b8000000, 0x00000000b9000000|  0%| F|  |TAMS 0x00000000b8000000| PB 0x00000000b8000000| Untracked 
|  55|0x00000000b9000000, 0x00000000b9000000, 0x00000000ba000000|  0%| F|  |TAMS 0x00000000b9000000| PB 0x00000000b9000000| Untracked 
|  56|0x00000000ba000000, 0x00000000ba000000, 0x00000000bb000000|  0%| F|  |TAMS 0x00000000ba000000| PB 0x00000000ba000000| Untracked 
|  57|0x00000000bb000000, 0x00000000bb000000, 0x00000000bc000000|  0%| F|  |TAMS 0x00000000bb000000| PB 0x00000000bb000000| Untracked 
|  58|0x00000000bc000000, 0x00000000bc000000, 0x00000000bd000000|  0%| F|  |TAMS 0x00000000bc000000| PB 0x00000000bc000000| Untracked 
|  59|0x00000000bd000000, 0x00000000bd000000, 0x00000000be000000|  0%| F|  |TAMS 0x00000000bd000000| PB 0x00000000bd000000| Untracked 
|  60|0x00000000be000000, 0x00000000be000000, 0x00000000bf000000|  0%| F|  |TAMS 0x00000000be000000| PB 0x00000000be000000| Untracked 
|  61|0x00000000bf000000, 0x00000000bf000000, 0x00000000c0000000|  0%| F|  |TAMS 0x00000000bf000000| PB 0x00000000bf000000| Untracked 
|  62|0x00000000c0000000, 0x00000000c0000000, 0x00000000c1000000|  0%| F|  |TAMS 0x00000000c0000000| PB 0x00000000c0000000| Untracked 
|  63|0x00000000c1000000, 0x00000000c1000000, 0x00000000c2000000|  0%| F|  |TAMS 0x00000000c1000000| PB 0x00000000c1000000| Untracked 
|  64|0x00000000c2000000, 0x00000000c2000000, 0x00000000c3000000|  0%| F|  |TAMS 0x00000000c2000000| PB 0x00000000c2000000| Untracked 
|  65|0x00000000c3000000, 0x00000000c3000000, 0x00000000c4000000|  0%| F|  |TAMS 0x00000000c3000000| PB 0x00000000c3000000| Untracked 
|  66|0x00000000c4000000, 0x00000000c4000000, 0x00000000c5000000|  0%| F|  |TAMS 0x00000000c4000000| PB 0x00000000c4000000| Untracked 
|  67|0x00000000c5000000, 0x00000000c5000000, 0x00000000c6000000|  0%| F|  |TAMS 0x00000000c5000000| PB 0x00000000c5000000| Untracked 
|  68|0x00000000c6000000, 0x00000000c6000000, 0x00000000c7000000|  0%| F|  |TAMS 0x00000000c6000000| PB 0x00000000c6000000| Untracked 
|  69|0x00000000c7000000, 0x00000000c7000000, 0x00000000c8000000|  0%| F|  |TAMS 0x00000000c7000000| PB 0x00000000c7000000| Untracked 
|  70|0x00000000c8000000, 0x00000000c8000000, 0x00000000c9000000|  0%| F|  |TAMS 0x00000000c8000000| PB 0x00000000c8000000| Untracked 
|  71|0x00000000c9000000, 0x00000000c9000000, 0x00000000ca000000|  0%| F|  |TAMS 0x00000000c9000000| PB 0x00000000c9000000| Untracked 
|  72|0x00000000ca000000, 0x00000000ca000000, 0x00000000cb000000|  0%| F|  |TAMS 0x00000000ca000000| PB 0x00000000ca000000| Untracked 
|  73|0x00000000cb000000, 0x00000000cb000000, 0x00000000cc000000|  0%| F|  |TAMS 0x00000000cb000000| PB 0x00000000cb000000| Untracked 
|  74|0x00000000cc000000, 0x00000000cc000000, 0x00000000cd000000|  0%| F|  |TAMS 0x00000000cc000000| PB 0x00000000cc000000| Untracked 
|  75|0x00000000cd000000, 0x00000000cd000000, 0x00000000ce000000|  0%| F|  |TAMS 0x00000000cd000000| PB 0x00000000cd000000| Untracked 
|  76|0x00000000ce000000, 0x00000000ce000000, 0x00000000cf000000|  0%| F|  |TAMS 0x00000000ce000000| PB 0x00000000ce000000| Untracked 
|  77|0x00000000cf000000, 0x00000000cf000000, 0x00000000d0000000|  0%| F|  |TAMS 0x00000000cf000000| PB 0x00000000cf000000| Untracked 
|  78|0x00000000d0000000, 0x00000000d0000000, 0x00000000d1000000|  0%| F|  |TAMS 0x00000000d0000000| PB 0x00000000d0000000| Untracked 
|  79|0x00000000d1000000, 0x00000000d1000000, 0x00000000d2000000|  0%| F|  |TAMS 0x00000000d1000000| PB 0x00000000d1000000| Untracked 
|  80|0x00000000d2000000, 0x00000000d2000000, 0x00000000d3000000|  0%| F|  |TAMS 0x00000000d2000000| PB 0x00000000d2000000| Untracked 
|  81|0x00000000d3000000, 0x00000000d3000000, 0x00000000d4000000|  0%| F|  |TAMS 0x00000000d3000000| PB 0x00000000d3000000| Untracked 
|  82|0x00000000d4000000, 0x00000000d4000000, 0x00000000d5000000|  0%| F|  |TAMS 0x00000000d4000000| PB 0x00000000d4000000| Untracked 
|  83|0x00000000d5000000, 0x00000000d5000000, 0x00000000d6000000|  0%| F|  |TAMS 0x00000000d5000000| PB 0x00000000d5000000| Untracked 
|  84|0x00000000d6000000, 0x00000000d6000000, 0x00000000d7000000|  0%| F|  |TAMS 0x00000000d6000000| PB 0x00000000d6000000| Untracked 
|  85|0x00000000d7000000, 0x00000000d7000000, 0x00000000d8000000|  0%| F|  |TAMS 0x00000000d7000000| PB 0x00000000d7000000| Untracked 
|  86|0x00000000d8000000, 0x00000000d8000000, 0x00000000d9000000|  0%| F|  |TAMS 0x00000000d8000000| PB 0x00000000d8000000| Untracked 
|  87|0x00000000d9000000, 0x00000000d9000000, 0x00000000da000000|  0%| F|  |TAMS 0x00000000d9000000| PB 0x00000000d9000000| Untracked 
|  88|0x00000000da000000, 0x00000000da000000, 0x00000000db000000|  0%| F|  |TAMS 0x00000000da000000| PB 0x00000000da000000| Untracked 
|  89|0x00000000db000000, 0x00000000db000000, 0x00000000dc000000|  0%| F|  |TAMS 0x00000000db000000| PB 0x00000000db000000| Untracked 
|  90|0x00000000dc000000, 0x00000000dc000000, 0x00000000dd000000|  0%| F|  |TAMS 0x00000000dc000000| PB 0x00000000dc000000| Untracked 
|  91|0x00000000dd000000, 0x00000000dd000000, 0x00000000de000000|  0%| F|  |TAMS 0x00000000dd000000| PB 0x00000000dd000000| Untracked 
|  92|0x00000000de000000, 0x00000000de000000, 0x00000000df000000|  0%| F|  |TAMS 0x00000000de000000| PB 0x00000000de000000| Untracked 
|  93|0x00000000df000000, 0x00000000df000000, 0x00000000e0000000|  0%| F|  |TAMS 0x00000000df000000| PB 0x00000000df000000| Untracked 
|  94|0x00000000e0000000, 0x00000000e0000000, 0x00000000e1000000|  0%| F|  |TAMS 0x00000000e0000000| PB 0x00000000e0000000| Untracked 
|  95|0x00000000e1000000, 0x00000000e1000000, 0x00000000e2000000|  0%| F|  |TAMS 0x00000000e1000000| PB 0x00000000e1000000| Untracked 
|  96|0x00000000e2000000, 0x00000000e2000000, 0x00000000e3000000|  0%| F|  |TAMS 0x00000000e2000000| PB 0x00000000e2000000| Untracked 
|  97|0x00000000e3000000, 0x00000000e3000000, 0x00000000e4000000|  0%| F|  |TAMS 0x00000000e3000000| PB 0x00000000e3000000| Untracked 
|  98|0x00000000e4000000, 0x00000000e4000000, 0x00000000e5000000|  0%| F|  |TAMS 0x00000000e4000000| PB 0x00000000e4000000| Untracked 
|  99|0x00000000e5000000, 0x00000000e5000000, 0x00000000e6000000|  0%| F|  |TAMS 0x00000000e5000000| PB 0x00000000e5000000| Untracked 
| 100|0x00000000e6000000, 0x00000000e6000000, 0x00000000e7000000|  0%| F|  |TAMS 0x00000000e6000000| PB 0x00000000e6000000| Untracked 
| 101|0x00000000e7000000, 0x00000000e7000000, 0x00000000e8000000|  0%| F|  |TAMS 0x00000000e7000000| PB 0x00000000e7000000| Untracked 
| 102|0x00000000e8000000, 0x00000000e8000000, 0x00000000e9000000|  0%| F|  |TAMS 0x00000000e8000000| PB 0x00000000e8000000| Untracked 
| 103|0x00000000e9000000, 0x00000000e9000000, 0x00000000ea000000|  0%| F|  |TAMS 0x00000000e9000000| PB 0x00000000e9000000| Untracked 
| 104|0x00000000ea000000, 0x00000000ea000000, 0x00000000eb000000|  0%| F|  |TAMS 0x00000000ea000000| PB 0x00000000ea000000| Untracked 
| 105|0x00000000eb000000, 0x00000000eb000000, 0x00000000ec000000|  0%| F|  |TAMS 0x00000000eb000000| PB 0x00000000eb000000| Untracked 
| 106|0x00000000ec000000, 0x00000000ec000000, 0x00000000ed000000|  0%| F|  |TAMS 0x00000000ec000000| PB 0x00000000ec000000| Untracked 
| 107|0x00000000ed000000, 0x00000000ed000000, 0x00000000ee000000|  0%| F|  |TAMS 0x00000000ed000000| PB 0x00000000ed000000| Untracked 
| 108|0x00000000ee000000, 0x00000000ee000000, 0x00000000ef000000|  0%| F|  |TAMS 0x00000000ee000000| PB 0x00000000ee000000| Untracked 
| 109|0x00000000ef000000, 0x00000000ef000000, 0x00000000f0000000|  0%| F|  |TAMS 0x00000000ef000000| PB 0x00000000ef000000| Untracked 
| 110|0x00000000f0000000, 0x00000000f0000000, 0x00000000f1000000|  0%| F|  |TAMS 0x00000000f0000000| PB 0x00000000f0000000| Untracked 
| 111|0x00000000f1000000, 0x00000000f1000000, 0x00000000f2000000|  0%| F|  |TAMS 0x00000000f1000000| PB 0x00000000f1000000| Untracked 
| 112|0x00000000f2000000, 0x00000000f2000000, 0x00000000f3000000|  0%| F|  |TAMS 0x00000000f2000000| PB 0x00000000f2000000| Untracked 
| 113|0x00000000f3000000, 0x00000000f3000000, 0x00000000f4000000|  0%| F|  |TAMS 0x00000000f3000000| PB 0x00000000f3000000| Untracked 
| 114|0x00000000f4000000, 0x00000000f4000000, 0x00000000f5000000|  0%| F|  |TAMS 0x00000000f4000000| PB 0x00000000f4000000| Untracked 
| 115|0x00000000f5000000, 0x00000000f5000000, 0x00000000f6000000|  0%| F|  |TAMS 0x00000000f5000000| PB 0x00000000f5000000| Untracked 
| 116|0x00000000f6000000, 0x00000000f6000000, 0x00000000f7000000|  0%| F|  |TAMS 0x00000000f6000000| PB 0x00000000f6000000| Untracked 
| 117|0x00000000f7000000, 0x00000000f7000000, 0x00000000f8000000|  0%| F|  |TAMS 0x00000000f7000000| PB 0x00000000f7000000| Untracked 
| 118|0x00000000f8000000, 0x00000000f8000000, 0x00000000f9000000|  0%| F|  |TAMS 0x00000000f8000000| PB 0x00000000f8000000| Untracked 
| 119|0x00000000f9000000, 0x00000000f9000000, 0x00000000fa000000|  0%| F|  |TAMS 0x00000000f9000000| PB 0x00000000f9000000| Untracked 
| 120|0x00000000fa000000, 0x00000000fa000000, 0x00000000fb000000|  0%| F|  |TAMS 0x00000000fa000000| PB 0x00000000fa000000| Untracked 
| 121|0x00000000fb000000, 0x00000000fc000000, 0x00000000fc000000|100%| E|  |TAMS 0x00000000fb000000| PB 0x00000000fb000000| Complete 
|1917|0x00000007ff000000, 0x00000007ff10c610, 0x0000000800000000|  6%| O|  |TAMS 0x00000007ff000000| PB 0x00000007ff000000| Untracked 

Card table byte_map: [0x000074a891020000,0x000074a894c10000] _byte_map_base: 0x000074a890c10000

Marking Bits: (CMBitMap*) 0x000074a8b00496d0
 Bits: [0x000074a8730a0000, 0x000074a891020000)

Polling page: 0x000074a8b8547000

Metaspace:

Usage:
  Non-class:      2.36 MB used.
      Class:    178.29 KB used.
       Both:      2.53 MB used.

Virtual space:
  Non-class space:       64.00 MB reserved,       2.50 MB (  4%) committed,  1 nodes.
      Class space:        1.00 GB reserved,     256.00 KB ( <1%) committed,  1 nodes.
             Both:        1.06 GB reserved,       2.75 MB ( <1%) committed. 

Chunk freelists:
   Non-Class:  10.83 MB
       Class:  15.63 MB
        Both:  26.46 MB

MaxMetaspaceSize: unlimited
CompressedClassSpaceSize: 1.00 GB
Initial GC threshold: 21.00 MB
Current GC threshold: 21.00 MB
CDS: on
 - commit_granule_bytes: 65536.
 - commit_granule_words: 8192.
 - virtual_space_node_default_size: 8388608.
 - enlarge_chunks_in_place: 1.
 - use_allocation_guard: 0.


Internal statistics:

num_allocs_failed_limit: 0.
num_arena_births: 190.
num_arena_deaths: 0.
num_vsnodes_births: 2.
num_vsnodes_deaths: 0.
num_space_committed: 44.
num_space_uncommitted: 0.
num_chunks_returned_to_freelist: 0.
num_chunks_taken_from_freelist: 273.
num_chunk_merges: 0.
num_chunk_splits: 174.
num_chunks_enlarged: 79.
num_inconsistent_stats: 0.

CodeHeap 'non-profiled nmethods': size=119168Kb used=161Kb max_used=161Kb free=119006Kb
 bounds [0x000074a8a03a0000, 0x000074a8a0610000, 0x000074a8a7800000]
CodeHeap 'profiled nmethods': size=119164Kb used=858Kb max_used=858Kb free=118305Kb
 bounds [0x000074a898800000, 0x000074a898a70000, 0x000074a89fc5f000]
CodeHeap 'non-nmethods': size=7428Kb used=2491Kb max_used=2505Kb free=4936Kb
 bounds [0x000074a89fc5f000, 0x000074a89fedf000, 0x000074a8a03a0000]
CodeCache: size=245760Kb, used=3510Kb, max_used=3524Kb, free=242247Kb
 total_blobs=1070, nmethods=585, adapters=389, full_count=0
Compilation: enabled, stopped_count=0, restarted_count=0

Compilation events (20 events):
Event: 0.114 Thread 0x000074a7f0078940 nmethod 578 0x000074a8988d2690 code [0x000074a8988d2840, 0x000074a8988d29e8]
Event: 0.115 Thread 0x000074a8b01478c0 nmethod 574 0x000074a8988d2b10 code [0x000074a8988d2d00, 0x000074a8988d31c0]
Event: 0.115 Thread 0x000074a8b01478c0  582       3       jdk.internal.org.objectweb.asm.AnnotationWriter::visitEnd (44 bytes)
Event: 0.115 Thread 0x000074a7f0078940  576       3       jdk.internal.org.objectweb.asm.AnnotationVisitor::<init> (7 bytes)
Event: 0.115 Thread 0x000074a7f0078940 nmethod 576 0x000074a8988d3390 code [0x000074a8988d3540, 0x000074a8988d3688]
Event: 0.115 Thread 0x000074a7f0078940  577       3       jdk.internal.org.objectweb.asm.AnnotationVisitor::<init> (78 bytes)
Event: 0.115 Thread 0x000074a7f0077620 nmethod 575 0x000074a8988d3710 code [0x000074a8988d38e0, 0x000074a8988d3ce8]
Event: 0.115 Thread 0x000074a7f0077620  579       3       jdk.internal.org.objectweb.asm.Attribute::computeAttributesSize (62 bytes)
Event: 0.115 Thread 0x000074a8b01478c0 nmethod 582 0x000074a8988d3e90 code [0x000074a8988d4020, 0x000074a8988d41c0]
Event: 0.115 Thread 0x000074a8b01478c0  580       3       jdk.internal.org.objectweb.asm.AnnotationWriter::computeAnnotationsSize (66 bytes)
Event: 0.115 Thread 0x000074a7f0078940 nmethod 577 0x000074a8988d4310 code [0x000074a8988d4540, 0x000074a8988d4cc8]
Event: 0.115 Thread 0x000074a7f0077620 nmethod 579 0x000074a8988d4f90 code [0x000074a8988d5160, 0x000074a8988d5440]
Event: 0.115 Thread 0x000074a7f0077620  581       3       jdk.internal.org.objectweb.asm.Attribute::putAttributes (78 bytes)
Event: 0.115 Thread 0x000074a8b01478c0 nmethod 580 0x000074a8988d5590 code [0x000074a8988d5760, 0x000074a8988d5a60]
Event: 0.115 Thread 0x000074a7f0077620 nmethod 581 0x000074a8988d5c10 code [0x000074a8988d5e60, 0x000074a8988d6380]
Event: 0.115 Thread 0x000074a8b013e200 nmethod 565 0x000074a8a03c7d90 code [0x000074a8a03c7f20, 0x000074a8a03c80e0]
Event: 0.115 Thread 0x000074a8b013e200  570       4       java.lang.Math::max (11 bytes)
Event: 0.115 Thread 0x000074a7f0078940  585       3       java.lang.invoke.MethodHandleNatives::refKindIsGetter (32 bytes)
Event: 0.115 Thread 0x000074a7f0078940 nmethod 585 0x000074a8988d6690 code [0x000074a8988d6820, 0x000074a8988d6968]
Event: 0.115 Thread 0x000074a8b013e200 nmethod 570 0x000074a8a03c8210 code [0x000074a8a03c8380, 0x000074a8a03c83f0]

GC Heap History (0 events):
No events

Dll operation events (9 events):
Event: 0.002 Loaded shared library /usr/lib/jvm/java-21-openjdk-amd64/lib/libjava.so
Event: 0.019 Loaded shared library /usr/lib/jvm/java-21-openjdk-amd64/lib/libjsvml.so
Event: 0.023 Loaded shared library /usr/lib/jvm/java-21-openjdk-amd64/lib/libnio.so
Event: 0.025 Loaded shared library /usr/lib/jvm/java-21-openjdk-amd64/lib/libzip.so
Event: 0.057 Loaded shared library /usr/lib/jvm/java-21-openjdk-amd64/lib/libjimage.so
Event: 0.060 Loaded shared library /usr/lib/jvm/java-21-openjdk-amd64/lib/libnet.so
Event: 0.069 Loaded shared library /tmp/manifold3d5634132031141994151/libmanifold.so
Event: 0.078 Loaded shared library /tmp/manifold3d5634132031141994151/libmanifoldc.so
Event: 0.080 Loaded shared library /tmp/manifold3d5634132031141994151/libmanifold_jni.so

Deoptimization events (2 events):
Event: 0.114 Thread 0x000074a8b0019de0 DEOPT PACKING pc=0x000074a89881c670 sp=0x000074a8b6bfce00
Event: 0.114 Thread 0x000074a8b0019de0 DEOPT UNPACKING pc=0x000074a89fcb372f sp=0x000074a8b6bfc240 mode 0

Classes loaded (20 events):
Event: 0.061 Loading class sun/nio/ch/NativeThread
Event: 0.061 Loading class sun/nio/ch/NativeThread done
Event: 0.061 Loading class sun/nio/ch/Util
Event: 0.061 Loading class sun/nio/ch/Util done
Event: 0.061 Loading class sun/nio/ch/Util$1
Event: 0.061 Loading class sun/nio/ch/Util$1 done
Event: 0.061 Loading class sun/nio/ch/Util$BufferCache
Event: 0.061 Loading class sun/nio/ch/Util$BufferCache done
Event: 0.061 Loading class java/nio/DirectByteBuffer$Deallocator
Event: 0.061 Loading class java/nio/DirectByteBuffer$Deallocator done
Event: 0.061 Loading class sun/nio/ch/IOStatus
Event: 0.061 Loading class sun/nio/ch/IOStatus done
Event: 0.102 Loading class java/lang/IndexOutOfBoundsException
Event: 0.102 Loading class java/lang/IndexOutOfBoundsException done
Event: 0.113 Loading class java/nio/channels/spi/AbstractInterruptibleChannel$1
Event: 0.113 Loading class sun/nio/ch/Interruptible
Event: 0.113 Loading class sun/nio/ch/Interruptible done
Event: 0.113 Loading class java/nio/channels/spi/AbstractInterruptibleChannel$1 done
Event: 0.113 Loading class java/io/FileOutputStream$1
Event: 0.113 Loading class java/io/FileOutputStream$1 done

Classes unloaded (0 events):
No events

Classes redefined (0 events):
No events

Internal exceptions (6 events):
Event: 0.059 Thread 0x000074a8b0019de0 Exception <a 'sun/nio/fs/UnixException'{0x00000000fb12f828}> (0x00000000fb12f828) 
thrown [./src/hotspot/share/prims/jni.cpp, line 520]
Event: 0.069 Thread 0x000074a8b0019de0 Exception <a 'sun/nio/fs/UnixException'{0x00000000fb13b710}> (0x00000000fb13b710) 
thrown [./src/hotspot/share/prims/jni.cpp, line 520]
Event: 0.077 Thread 0x000074a8b0019de0 Exception <a 'sun/nio/fs/UnixException'{0x00000000fb143918}> (0x00000000fb143918) 
thrown [./src/hotspot/share/prims/jni.cpp, line 520]
Event: 0.078 Thread 0x000074a8b0019de0 Exception <a 'sun/nio/fs/UnixException'{0x00000000fb14bd58}> (0x00000000fb14bd58) 
thrown [./src/hotspot/share/prims/jni.cpp, line 520]
Event: 0.080 Thread 0x000074a8b0019de0 Exception <a 'sun/nio/fs/UnixException'{0x00000000fb15fea0}> (0x00000000fb15fea0) 
thrown [./src/hotspot/share/prims/jni.cpp, line 520]
Event: 0.115 Thread 0x000074a8b0019de0 Exception <a 'java/lang/NoSuchMethodError'{0x00000000fbed6570}: 'java.lang.Object java.lang.invoke.Invokers$Holder.linkToTargetMethod(java.lang.Object, long, java.lang.Object)'> (0x00000000fbed6570) 
thrown [./src/hotspot/share/interpreter/linkResolver.cpp, line 772]

ZGC Phase Switch (0 events):
No events

VM Operations (0 events):
No events

Memory protections (12 events):
Event: 0.001 Protecting memory [0x000074a8b6b00000,0x000074a8b6b04000] with protection modes 0
Event: 0.018 Protecting memory [0x000074a8b4189000,0x000074a8b418d000] with protection modes 0
Event: 0.018 Protecting memory [0x000074a8b4089000,0x000074a8b408d000] with protection modes 0
Event: 0.018 Protecting memory [0x000074a8aff00000,0x000074a8aff04000] with protection modes 0
Event: 0.018 Protecting memory [0x000074a870900000,0x000074a870904000] with protection modes 0
Event: 0.018 Protecting memory [0x000074a870800000,0x000074a870804000] with protection modes 0
Event: 0.018 Protecting memory [0x000074a870700000,0x000074a870704000] with protection modes 0
Event: 0.018 Protecting memory [0x000074a870600000,0x000074a870604000] with protection modes 0
Event: 0.021 Protecting memory [0x000074a87042f000,0x000074a870433000] with protection modes 0
Event: 0.022 Protecting memory [0x000074a87032f000,0x000074a870333000] with protection modes 0
Event: 0.026 Protecting memory [0x000074a87022f000,0x000074a870233000] with protection modes 0
Event: 0.026 Protecting memory [0x000074a87012f000,0x000074a870133000] with protection modes 0

Nmethod flushes (0 events):
No events

Events (12 events):
Event: 0.014 Thread 0x000074a8b0019de0 Thread added: 0x000074a8b0019de0
Event: 0.018 Thread 0x000074a8b0019de0 Thread added: 0x000074a8b0136d00
Event: 0.018 Thread 0x000074a8b0019de0 Thread added: 0x000074a8b0138280
Event: 0.018 Thread 0x000074a8b0019de0 Thread added: 0x000074a8b0139a30
Event: 0.018 Thread 0x000074a8b0019de0 Thread added: 0x000074a8b013b080
Event: 0.018 Thread 0x000074a8b0019de0 Thread added: 0x000074a8b013c630
Event: 0.018 Thread 0x000074a8b0019de0 Thread added: 0x000074a8b013e200
Event: 0.018 Thread 0x000074a8b0019de0 Thread added: 0x000074a8b01478c0
Event: 0.021 Thread 0x000074a8b0019de0 Thread added: 0x000074a8b0153e70
Event: 0.022 Thread 0x000074a8b0019de0 Thread added: 0x000074a8b0156eb0
Event: 0.026 Thread 0x000074a8b013e200 Thread added: 0x000074a7f0077620
Event: 0.026 Thread 0x000074a8b013e200 Thread added: 0x000074a7f0078940


Dynamic libraries:
82000000-fc000000 rw-p 00000000 00:00 0 
fc000000-7ff000000 ---p 00000000 00:00 0 
7ff000000-7ff10d000 rw-p 00cdb000 103:01 91758201                        /usr/lib/jvm/java-21-openjdk-amd64/lib/server/classes.jsa
7ff10d000-800000000 rw-p 00000000 00:00 0 
5f0854a5d000-5f0854a5e000 r--p 00000000 103:01 91752695                  /usr/lib/jvm/java-21-openjdk-amd64/bin/java
5f0854a5e000-5f0854a5f000 r-xp 00001000 103:01 91752695                  /usr/lib/jvm/java-21-openjdk-amd64/bin/java
5f0854a5f000-5f0854a60000 r--p 00002000 103:01 91752695                  /usr/lib/jvm/java-21-openjdk-amd64/bin/java
5f0854a60000-5f0854a61000 r--p 00002000 103:01 91752695                  /usr/lib/jvm/java-21-openjdk-amd64/bin/java
5f0854a61000-5f0854a62000 rw-p 00003000 103:01 91752695                  /usr/lib/jvm/java-21-openjdk-amd64/bin/java
5f0871139000-5f0871180000 rw-p 00000000 00:00 0                          [heap]
74a7e0000000-74a7e0083000 rw-p 00000000 00:00 0 
74a7e0083000-74a7e4000000 ---p 00000000 00:00 0 
74a7e4000000-74a7e4062000 rw-p 00000000 00:00 0 
74a7e4062000-74a7e8000000 ---p 00000000 00:00 0 
74a7e8000000-74a7e8021000 rw-p 00000000 00:00 0 
74a7e8021000-74a7ec000000 ---p 00000000 00:00 0 
74a7ec000000-74a7ec021000 rw-p 00000000 00:00 0 
74a7ec021000-74a7f0000000 ---p 00000000 00:00 0 
74a7f0000000-74a7f00c8000 rw-p 00000000 00:00 0 
74a7f00c8000-74a7f4000000 ---p 00000000 00:00 0 
74a7f4000000-74a7f40a6000 rw-p 00000000 00:00 0 
74a7f40a6000-74a7f8000000 ---p 00000000 00:00 0 
74a7f8000000-74a7f8021000 rw-p 00000000 00:00 0 
74a7f8021000-74a7fc000000 ---p 00000000 00:00 0 
74a7fc000000-74a7fc021000 rw-p 00000000 00:00 0 
74a7fc021000-74a800000000 ---p 00000000 00:00 0 
74a800000000-74a800021000 rw-p 00000000 00:00 0 
74a800021000-74a804000000 ---p 00000000 00:00 0 
74a804000000-74a804021000 rw-p 00000000 00:00 0 
74a804021000-74a808000000 ---p 00000000 00:00 0 
74a808000000-74a808021000 rw-p 00000000 00:00 0 
74a808021000-74a80c000000 ---p 00000000 00:00 0 
74a80c000000-74a80c021000 rw-p 00000000 00:00 0 
74a80c021000-74a810000000 ---p 00000000 00:00 0 
74a810000000-74a810150000 rw-p 00000000 00:00 0 
74a810150000-74a810400000 ---p 00000000 00:00 0 
74a810400000-74a810530000 rw-p 00000000 00:00 0 
74a810530000-74a814000000 ---p 00000000 00:00 0 
74a814000000-74a814021000 rw-p 00000000 00:00 0 
74a814021000-74a818000000 ---p 00000000 00:00 0 
74a81ae9b000-74a81aec2000 r--p 00000000 103:01 51528801                  /tmp/manifold3d5634132031141994151/libmanifold.so
74a81aec2000-74a81afde000 r-xp 00027000 103:01 51528801                  /tmp/manifold3d5634132031141994151/libmanifold.so
74a81afde000-74a81affd000 r--p 00143000 103:01 51528801                  /tmp/manifold3d5634132031141994151/libmanifold.so
74a81affd000-74a81affe000 r--p 00162000 103:01 51528801                  /tmp/manifold3d5634132031141994151/libmanifold.so
74a81affe000-74a81b000000 rw-p 00163000 103:01 51528801                  /tmp/manifold3d5634132031141994151/libmanifold.so
74a81b000000-74a81bc9c000 rw-p 00001000 103:01 91758201                  /usr/lib/jvm/java-21-openjdk-amd64/lib/server/classes.jsa
74a81bc9c000-74a81c000000 ---p 00000000 00:00 0 
74a81c000000-74a81c020000 rw-p 00000000 00:00 0 
74a81c020000-74a81c040000 ---p 00000000 00:00 0 
74a81c040000-74a81c060000 rw-p 00000000 00:00 0 
74a81c060000-74a85c000000 ---p 00000000 00:00 0 
74a85c000000-74a85c021000 rw-p 00000000 00:00 0 
74a85c021000-74a860000000 ---p 00000000 00:00 0 
74a860000000-74a860021000 rw-p 00000000 00:00 0 
74a860021000-74a864000000 ---p 00000000 00:00 0 
74a864000000-74a864021000 rw-p 00000000 00:00 0 
74a864021000-74a868000000 ---p 00000000 00:00 0 
74a868000000-74a868021000 rw-p 00000000 00:00 0 
74a868021000-74a86c000000 ---p 00000000 00:00 0 
74a86c000000-74a86c021000 rw-p 00000000 00:00 0 
74a86c021000-74a870000000 ---p 00000000 00:00 0 
74a87012f000-74a870133000 ---p 00000000 00:00 0 
74a870133000-74a87022f000 rw-p 00000000 00:00 0 
74a87022f000-74a870233000 ---p 00000000 00:00 0 
74a870233000-74a87032f000 rw-p 00000000 00:00 0 
74a87032f000-74a870333000 ---p 00000000 00:00 0 
74a870333000-74a87042f000 rw-p 00000000 00:00 0 
74a87042f000-74a870433000 ---p 00000000 00:00 0 
74a870433000-74a87052f000 rw-p 00000000 00:00 0 
74a87052f000-74a870534000 r--p 00000000 103:01 91758184                  /usr/lib/jvm/java-21-openjdk-amd64/lib/libjsvml.so
74a870534000-74a870575000 r-xp 00005000 103:01 91758184                  /usr/lib/jvm/java-21-openjdk-amd64/lib/libjsvml.so
74a870575000-74a8705fe000 r--p 00046000 103:01 91758184                  /usr/lib/jvm/java-21-openjdk-amd64/lib/libjsvml.so
74a8705fe000-74a8705ff000 r--p 000ce000 103:01 91758184                  /usr/lib/jvm/java-21-openjdk-amd64/lib/libjsvml.so
74a8705ff000-74a870600000 rw-p 000cf000 103:01 91758184                  /usr/lib/jvm/java-21-openjdk-amd64/lib/libjsvml.so
74a870600000-74a870604000 ---p 00000000 00:00 0 
74a870604000-74a870700000 rw-p 00000000 00:00 0 
74a870700000-74a870704000 ---p 00000000 00:00 0 
74a870704000-74a870800000 rw-p 00000000 00:00 0 
74a870800000-74a870804000 ---p 00000000 00:00 0 
74a870804000-74a870900000 rw-p 00000000 00:00 0 
74a870900000-74a870904000 ---p 00000000 00:00 0 
74a870904000-74a870a00000 rw-p 00000000 00:00 0 
74a870a00000-74a870f75000 r--p 00000000 103:01 90475490                  /usr/lib/locale/locale-archive
74a871000000-74a873000000 rw-p 00000000 00:00 0 
74a87307f000-74a874f20000 rw-p 00000000 00:00 0 
74a874f20000-74a890fe0000 ---p 00000000 00:00 0 
74a890fe0000-74a8913f0000 rw-p 00000000 00:00 0 
74a8913f0000-74a894c08000 ---p 00000000 00:00 0 
74a894c08000-74a894fe0000 rw-p 00000000 00:00 0 
74a894fe0000-74a8987f8000 ---p 00000000 00:00 0 
74a8987f8000-74a898800000 rw-p 00000000 00:00 0 
74a898800000-74a898a70000 rwxp 00000000 00:00 0 
74a898a70000-74a89fc5f000 ---p 00000000 00:00 0 
74a89fc5f000-74a89fedf000 rwxp 00000000 00:00 0 
74a89fedf000-74a8a03a0000 ---p 00000000 00:00 0 
74a8a03a0000-74a8a0610000 rwxp 00000000 00:00 0 
74a8a0610000-74a8a7800000 ---p 00000000 00:00 0 
74a8a7800000-74a8afe51000 r--s 00000000 103:01 91758200                  /usr/lib/jvm/java-21-openjdk-amd64/lib/modules
74a8aff00000-74a8aff04000 ---p 00000000 00:00 0 
74a8aff04000-74a8b0000000 rw-p 00000000 00:00 0 
74a8b0000000-74a8b031a000 rw-p 00000000 00:00 0 
74a8b031a000-74a8b4000000 ---p 00000000 00:00 0 
74a8b4005000-74a8b4035000 rw-p 00000000 00:00 0 
74a8b4035000-74a8b403a000 r--p 00000000 103:01 51528808                  /tmp/manifold3d5634132031141994151/libmanifold_jni.so
74a8b403a000-74a8b403d000 r-xp 00005000 103:01 51528808                  /tmp/manifold3d5634132031141994151/libmanifold_jni.so
74a8b403d000-74a8b403e000 r--p 00008000 103:01 51528808                  /tmp/manifold3d5634132031141994151/libmanifold_jni.so
74a8b403e000-74a8b403f000 r--p 00009000 103:01 51528808                  /tmp/manifold3d5634132031141994151/libmanifold_jni.so
74a8b403f000-74a8b4040000 rw-p 0000a000 103:01 51528808                  /tmp/manifold3d5634132031141994151/libmanifold_jni.so
74a8b4040000-74a8b404c000 r--p 00000000 103:01 51528806                  /tmp/manifold3d5634132031141994151/libmanifoldc.so
74a8b404c000-74a8b405f000 r-xp 0000c000 103:01 51528806                  /tmp/manifold3d5634132031141994151/libmanifoldc.so
74a8b405f000-74a8b4066000 r--p 0001f000 103:01 51528806                  /tmp/manifold3d5634132031141994151/libmanifoldc.so
74a8b4066000-74a8b4067000 r--p 00025000 103:01 51528806                  /tmp/manifold3d5634132031141994151/libmanifoldc.so
74a8b4067000-74a8b4068000 rw-p 00026000 103:01 51528806                  /tmp/manifold3d5634132031141994151/libmanifoldc.so
74a8b4068000-74a8b406a000 r--p 00000000 103:01 91758199                  /usr/lib/jvm/java-21-openjdk-amd64/lib/libzip.so
74a8b406a000-74a8b406f000 r-xp 00002000 103:01 91758199                  /usr/lib/jvm/java-21-openjdk-amd64/lib/libzip.so
74a8b406f000-74a8b4071000 r--p 00007000 103:01 91758199                  /usr/lib/jvm/java-21-openjdk-amd64/lib/libzip.so
74a8b4071000-74a8b4072000 r--p 00008000 103:01 91758199                  /usr/lib/jvm/java-21-openjdk-amd64/lib/libzip.so
74a8b4072000-74a8b4073000 rw-p 00009000 103:01 91758199                  /usr/lib/jvm/java-21-openjdk-amd64/lib/libzip.so
74a8b4073000-74a8b407a000 r--p 00000000 103:01 91758192                  /usr/lib/jvm/java-21-openjdk-amd64/lib/libnio.so
74a8b407a000-74a8b4083000 r-xp 00007000 103:01 91758192                  /usr/lib/jvm/java-21-openjdk-amd64/lib/libnio.so
74a8b4083000-74a8b4087000 r--p 00010000 103:01 91758192                  /usr/lib/jvm/java-21-openjdk-amd64/lib/libnio.so
74a8b4087000-74a8b4088000 r--p 00014000 103:01 91758192                  /usr/lib/jvm/java-21-openjdk-amd64/lib/libnio.so
74a8b4088000-74a8b4089000 rw-p 00015000 103:01 91758192                  /usr/lib/jvm/java-21-openjdk-amd64/lib/libnio.so
74a8b4089000-74a8b408d000 ---p 00000000 00:00 0 
74a8b408d000-74a8b4189000 rw-p 00000000 00:00 0 
74a8b4189000-74a8b418d000 ---p 00000000 00:00 0 
74a8b418d000-74a8b4289000 rw-p 00000000 00:00 0 
74a8b4289000-74a8b428a000 ---p 00000000 00:00 0 
74a8b428a000-74a8b438a000 rw-p 00000000 00:00 0 
74a8b438a000-74a8b438b000 ---p 00000000 00:00 0 
74a8b438b000-74a8b448b000 rw-p 00000000 00:00 0 
74a8b448b000-74a8b4567000 rw-p 00000000 00:00 0 
74a8b4567000-74a8b4568000 ---p 00000000 00:00 0 
74a8b4568000-74a8b4668000 rw-p 00000000 00:00 0 
74a8b4668000-74a8b4669000 ---p 00000000 00:00 0 
74a8b4669000-74a8b4769000 rw-p 00000000 00:00 0 
74a8b4769000-74a8b5476000 rw-p 00000000 00:00 0 
74a8b5476000-74a8b5477000 ---p 00000000 00:00 0 
74a8b5477000-74a8b5577000 rw-p 00000000 00:00 0 
74a8b5577000-74a8b5578000 ---p 00000000 00:00 0 
74a8b5578000-74a8b5678000 rw-p 00000000 00:00 0 
74a8b5678000-74a8b5679000 ---p 00000000 00:00 0 
74a8b5679000-74a8b5779000 rw-p 00000000 00:00 0 
74a8b5779000-74a8b6633000 rw-p 00000000 00:00 0 
74a8b6633000-74a8b6717000 ---p 00000000 00:00 0 
74a8b6717000-74a8b671c000 rw-p 00000000 00:00 0 
74a8b671c000-74a8b6800000 ---p 00000000 00:00 0 
74a8b6800000-74a8b689d000 r--p 00000000 103:01 90443236                  /usr/lib/x86_64-linux-gnu/libstdc++.so.6.0.33
74a8b689d000-74a8b69e5000 r-xp 0009d000 103:01 90443236                  /usr/lib/x86_64-linux-gnu/libstdc++.so.6.0.33
74a8b69e5000-74a8b6a6c000 r--p 001e5000 103:01 90443236                  /usr/lib/x86_64-linux-gnu/libstdc++.so.6.0.33
74a8b6a6c000-74a8b6a77000 r--p 0026b000 103:01 90443236                  /usr/lib/x86_64-linux-gnu/libstdc++.so.6.0.33
74a8b6a77000-74a8b6a7a000 rw-p 00276000 103:01 90443236                  /usr/lib/x86_64-linux-gnu/libstdc++.so.6.0.33
74a8b6a7a000-74a8b6a7e000 rw-p 00000000 00:00 0 
74a8b6a81000-74a8b6a88000 r--s 00000000 103:01 90442137                  /usr/lib/x86_64-linux-gnu/gconv/gconv-modules.cache
74a8b6a88000-74a8b6b00000 rw-p 00000000 00:00 0 
74a8b6b00000-74a8b6b04000 ---p 00000000 00:00 0 
74a8b6b04000-74a8b6c00000 rw-p 00000000 00:00 0 
74a8b6c00000-74a8b6ea2000 r--p 00000000 103:01 91758204                  /usr/lib/jvm/java-21-openjdk-amd64/lib/server/libjvm.so
74a8b6ea2000-74a8b7d19000 r-xp 002a2000 103:01 91758204                  /usr/lib/jvm/java-21-openjdk-amd64/lib/server/libjvm.so
74a8b7d19000-74a8b7ff4000 r--p 01119000 103:01 91758204                  /usr/lib/jvm/java-21-openjdk-amd64/lib/server/libjvm.so
74a8b7ff4000-74a8b80c8000 r--p 013f3000 103:01 91758204                  /usr/lib/jvm/java-21-openjdk-amd64/lib/server/libjvm.so
74a8b80c8000-74a8b80f8000 rw-p 014c7000 103:01 91758204                  /usr/lib/jvm/java-21-openjdk-amd64/lib/server/libjvm.so
74a8b80f8000-74a8b815e000 rw-p 00000000 00:00 0 
74a8b815e000-74a8b8161000 r--p 00000000 103:01 91758191                  /usr/lib/jvm/java-21-openjdk-amd64/lib/libnet.so
74a8b8161000-74a8b8169000 r-xp 00003000 103:01 91758191                  /usr/lib/jvm/java-21-openjdk-amd64/lib/libnet.so
74a8b8169000-74a8b816b000 r--p 0000b000 103:01 91758191                  /usr/lib/jvm/java-21-openjdk-amd64/lib/libnet.so
74a8b816b000-74a8b816c000 r--p 0000c000 103:01 91758191                  /usr/lib/jvm/java-21-openjdk-amd64/lib/libnet.so
74a8b816c000-74a8b816d000 rw-p 0000d000 103:01 91758191                  /usr/lib/jvm/java-21-openjdk-amd64/lib/libnet.so
74a8b816d000-74a8b81ae000 rw-p 00000000 00:00 0 
74a8b81ae000-74a8b81bb000 r--p 00000000 103:01 91758177                  /usr/lib/jvm/java-21-openjdk-amd64/lib/libjava.so
74a8b81bb000-74a8b81ca000 r-xp 0000d000 103:01 91758177                  /usr/lib/jvm/java-21-openjdk-amd64/lib/libjava.so
74a8b81ca000-74a8b81cf000 r--p 0001c000 103:01 91758177                  /usr/lib/jvm/java-21-openjdk-amd64/lib/libjava.so
74a8b81cf000-74a8b81d0000 r--p 00021000 103:01 91758177                  /usr/lib/jvm/java-21-openjdk-amd64/lib/libjava.so
74a8b81d0000-74a8b81d1000 rw-p 00022000 103:01 91758177                  /usr/lib/jvm/java-21-openjdk-amd64/lib/libjava.so
74a8b81d1000-74a8b81d2000 rw-p 00000000 00:00 0 
74a8b81d2000-74a8b81d6000 r--p 00000000 103:01 90443244                  /usr/lib/x86_64-linux-gnu/libgcc_s.so.1
74a8b81d6000-74a8b81fa000 r-xp 00004000 103:01 90443244                  /usr/lib/x86_64-linux-gnu/libgcc_s.so.1
74a8b81fa000-74a8b81fe000 r--p 00028000 103:01 90443244                  /usr/lib/x86_64-linux-gnu/libgcc_s.so.1
74a8b81fe000-74a8b81ff000 r--p 0002b000 103:01 90443244                  /usr/lib/x86_64-linux-gnu/libgcc_s.so.1
74a8b81ff000-74a8b8200000 rw-p 0002c000 103:01 90443244                  /usr/lib/x86_64-linux-gnu/libgcc_s.so.1
74a8b8200000-74a8b8228000 r--p 00000000 103:01 90442148                  /usr/lib/x86_64-linux-gnu/libc.so.6
74a8b8228000-74a8b83b0000 r-xp 00028000 103:01 90442148                  /usr/lib/x86_64-linux-gnu/libc.so.6
74a8b83b0000-74a8b83ff000 r--p 001b0000 103:01 90442148                  /usr/lib/x86_64-linux-gnu/libc.so.6
74a8b83ff000-74a8b8403000 r--p 001fe000 103:01 90442148                  /usr/lib/x86_64-linux-gnu/libc.so.6
74a8b8403000-74a8b8405000 rw-p 00202000 103:01 90442148                  /usr/lib/x86_64-linux-gnu/libc.so.6
74a8b8405000-74a8b8412000 rw-p 00000000 00:00 0 
74a8b8418000-74a8b841d000 rw-p 00000000 00:00 0 
74a8b841d000-74a8b8427000 ---p 00000000 00:00 0 
74a8b8427000-74a8b8437000 r--p 00000000 103:01 90442151                  /usr/lib/x86_64-linux-gnu/libm.so.6
74a8b8437000-74a8b84b6000 r-xp 00010000 103:01 90442151                  /usr/lib/x86_64-linux-gnu/libm.so.6
74a8b84b6000-74a8b850e000 r--p 0008f000 103:01 90442151                  /usr/lib/x86_64-linux-gnu/libm.so.6
74a8b850e000-74a8b850f000 r--p 000e7000 103:01 90442151                  /usr/lib/x86_64-linux-gnu/libm.so.6
74a8b850f000-74a8b8510000 rw-p 000e8000 103:01 90442151                  /usr/lib/x86_64-linux-gnu/libm.so.6
74a8b8510000-74a8b8512000 rw-p 00000000 00:00 0 
74a8b8512000-74a8b8514000 r--p 00000000 103:01 91758181                  /usr/lib/jvm/java-21-openjdk-amd64/lib/libjli.so
74a8b8514000-74a8b851e000 r-xp 00002000 103:01 91758181                  /usr/lib/jvm/java-21-openjdk-amd64/lib/libjli.so
74a8b851e000-74a8b8521000 r--p 0000c000 103:01 91758181                  /usr/lib/jvm/java-21-openjdk-amd64/lib/libjli.so
74a8b8521000-74a8b8522000 r--p 0000f000 103:01 91758181                  /usr/lib/jvm/java-21-openjdk-amd64/lib/libjli.so
74a8b8522000-74a8b8523000 rw-p 00010000 103:01 91758181                  /usr/lib/jvm/java-21-openjdk-amd64/lib/libjli.so
74a8b8523000-74a8b8525000 r--p 00000000 103:01 90451834                  /usr/lib/x86_64-linux-gnu/libz.so.1.3
74a8b8525000-74a8b8537000 r-xp 00002000 103:01 90451834                  /usr/lib/x86_64-linux-gnu/libz.so.1.3
74a8b8537000-74a8b853d000 r--p 00014000 103:01 90451834                  /usr/lib/x86_64-linux-gnu/libz.so.1.3
74a8b853d000-74a8b853e000 r--p 0001a000 103:01 90451834                  /usr/lib/x86_64-linux-gnu/libz.so.1.3
74a8b853e000-74a8b853f000 rw-p 0001b000 103:01 90451834                  /usr/lib/x86_64-linux-gnu/libz.so.1.3
74a8b853f000-74a8b8547000 rw-s 00000000 103:01 51528799                  /tmp/hsperfdata_grishberg/100706
74a8b8547000-74a8b8548000 ---p 00000000 00:00 0 
74a8b8548000-74a8b8549000 r--p 00000000 00:00 0 
74a8b8549000-74a8b854a000 ---p 00000000 00:00 0 
74a8b854a000-74a8b854c000 r--p 00000000 103:01 91758180                  /usr/lib/jvm/java-21-openjdk-amd64/lib/libjimage.so
74a8b854c000-74a8b854f000 r-xp 00002000 103:01 91758180                  /usr/lib/jvm/java-21-openjdk-amd64/lib/libjimage.so
74a8b854f000-74a8b8550000 r--p 00005000 103:01 91758180                  /usr/lib/jvm/java-21-openjdk-amd64/lib/libjimage.so
74a8b8550000-74a8b8551000 r--p 00006000 103:01 91758180                  /usr/lib/jvm/java-21-openjdk-amd64/lib/libjimage.so
74a8b8551000-74a8b8552000 rw-p 00007000 103:01 91758180                  /usr/lib/jvm/java-21-openjdk-amd64/lib/libjimage.so
74a8b8552000-74a8b8554000 rw-p 00000000 00:00 0 
74a8b8554000-74a8b8558000 r--p 00000000 00:00 0                          [vvar]
74a8b8558000-74a8b855a000 r--p 00000000 00:00 0                          [vvar_vclock]
74a8b855a000-74a8b855c000 r-xp 00000000 00:00 0                          [vdso]
74a8b855c000-74a8b855d000 r--p 00000000 103:01 90442145                  /usr/lib/x86_64-linux-gnu/ld-linux-x86-64.so.2
74a8b855d000-74a8b8588000 r-xp 00001000 103:01 90442145                  /usr/lib/x86_64-linux-gnu/ld-linux-x86-64.so.2
74a8b8588000-74a8b8592000 r--p 0002c000 103:01 90442145                  /usr/lib/x86_64-linux-gnu/ld-linux-x86-64.so.2
74a8b8592000-74a8b8594000 r--p 00036000 103:01 90442145                  /usr/lib/x86_64-linux-gnu/ld-linux-x86-64.so.2
74a8b8594000-74a8b8596000 rw-p 00038000 103:01 90442145                  /usr/lib/x86_64-linux-gnu/ld-linux-x86-64.so.2
7ffe6a3b8000-7ffe6a3d9000 rw-p 00000000 00:00 0                          [stack]
ffffffffff600000-ffffffffff601000 --xp 00000000 00:00 0                  [vsyscall]
Total number of mappings: 224

JVMTI agents: none


VM Arguments:
jvm_args: -Dfile.encoding=UTF-8 -Duser.country=US -Duser.language=en -Duser.variant 
java_command: eu.printingin3d.javascad.manifold.TestModel
java_class_path (initial): /home/grishberg/projects/java/opengl_kbd_render/javascad/build/classes/java/main:/home/grishberg/projects/java/opengl_kbd_render/javascad/build/classes/kotlin/main:/home/grishberg/projects/java/opengl_kbd_render/javascad/build/resources/main:/home/grishberg/.gradle/caches/modules-2/files-2.1/org.jetbrains.kotlin/kotlin-stdlib-jdk7/1.9.22/c4b17283ad7939e778989663f8301d871987fa5e/kotlin-stdlib-jdk7-1.9.22.jar:/home/grishberg/.gradle/caches/modules-2/files-2.1/org.jetbrains.kotlin/kotlin-stdlib/1.9.22/d6c44cd08d8f3f9bece8101216dbe6553365c6e3/kotlin-stdlib-1.9.22.jar:/home/grishberg/.gradle/caches/modules-2/files-2.1/org.jetbrains.kotlin/kotlin-stdlib-jdk8/1.9.22/dea0c11e2fa503ab891c8a090e3b54754472975d/kotlin-stdlib-jdk8-1.9.22.jar:/home/grishberg/projects/java/opengl_kbd_render/libs/manifold3d-java/bindings/java/build/libs/manifold3d-3.2.13.jar:/home/grishberg/.gradle/caches/modules-2/files-2.1/org.jetbrains/annotations/13.0/919f0dfe192fb4e063e7dacadee7f8bb9a2672a9/annotations-13.0.jar
Launcher Type: SUN_STANDARD

[Global flags]
     intx CICompilerCount                          = 12                                        {product} {ergonomic}
     uint ConcGCThreads                            = 3                                         {product} {ergonomic}
     uint G1ConcRefinementThreads                  = 13                                        {product} {ergonomic}
   size_t G1HeapRegionSize                         = 16777216                                  {product} {ergonomic}
    uintx GCDrainStackTargetSize                   = 64                                        {product} {ergonomic}
   size_t InitialHeapSize                          = 2046820352                                {product} {ergonomic}
   size_t MarkStackSize                            = 4194304                                   {product} {ergonomic}
   size_t MaxHeapSize                              = 32178700288                               {product} {ergonomic}
   size_t MaxNewSize                               = 19293798400                               {product} {ergonomic}
   size_t MinHeapDeltaBytes                        = 16777216                                  {product} {ergonomic}
   size_t MinHeapSize                              = 16777216                                  {product} {ergonomic}
    uintx NonNMethodCodeHeapSize                   = 7602480                                {pd product} {ergonomic}
    uintx NonProfiledCodeHeapSize                  = 122027880                              {pd product} {ergonomic}
    uintx ProfiledCodeHeapSize                     = 122027880                              {pd product} {ergonomic}
    uintx ReservedCodeCacheSize                    = 251658240                              {pd product} {ergonomic}
     bool SegmentedCodeCache                       = true                                      {product} {ergonomic}
   size_t SoftMaxHeapSize                          = 32178700288                            {manageable} {ergonomic}
     bool UseCompressedOops                        = true                           {product lp64_product} {ergonomic}
     bool UseG1GC                                  = true                                      {product} {ergonomic}

Logging:
Log output configuration:
 #0: stdout all=warning uptime,level,tags foldmultilines=false
 #1: stderr all=off uptime,level,tags foldmultilines=false

Release file:
<release file has not been read>
Environment Variables:
PATH=/home/grishberg/projects/ts/opencode/bot/venv/bin:/home/grishberg/android-sdk/platform-tools:/home/grishberg/.local/bin:/usr/local/sbin:/usr/local/bin:/usr/sbin:/usr/bin:/sbin:/bin:/usr/games:/usr/local/games:/snap/bin:/snap/bin
USERNAME=grishberg
SHELL=/bin/bash
DISPLAY=:0
LANG=en_US.UTF-8

Active Locale:
LC_ALL=en_US.UTF-8
LC_COLLATE=en_US.UTF-8
LC_CTYPE=en_US.UTF-8
LC_MESSAGES=en_US.UTF-8
LC_MONETARY=en_US.UTF-8
LC_NUMERIC=en_US.UTF-8
LC_TIME=en_US.UTF-8

Signal Handlers:
   SIGSEGV: crash_handler in libjvm.so, mask=11100100010111111101111111111110, flags=SA_RESTART|SA_SIGINFO, unblocked
    SIGBUS: crash_handler in libjvm.so, mask=11100100010111111101111111111110, flags=SA_RESTART|SA_SIGINFO, unblocked
    SIGFPE: crash_handler in libjvm.so, mask=11100100010111111101111111111110, flags=SA_RESTART|SA_SIGINFO, unblocked
   SIGPIPE: javaSignalHandler in libjvm.so, mask=11100100010111111101111111111110, flags=SA_RESTART|SA_SIGINFO, blocked
   SIGXFSZ: javaSignalHandler in libjvm.so, mask=11100100010111111101111111111110, flags=SA_RESTART|SA_SIGINFO, blocked
    SIGILL: crash_handler in libjvm.so, mask=11100100010111111101111111111110, flags=SA_RESTART|SA_SIGINFO, unblocked
   SIGUSR2: SR_handler in libjvm.so, mask=00000000000000000000000000000000, flags=SA_RESTART|SA_SIGINFO, blocked
    SIGHUP: UserHandler in libjvm.so, mask=11100100010111111101111111111110, flags=SA_RESTART|SA_SIGINFO, blocked
    SIGINT: UserHandler in libjvm.so, mask=11100100010111111101111111111110, flags=SA_RESTART|SA_SIGINFO, blocked
   SIGTERM: UserHandler in libjvm.so, mask=11100100010111111101111111111110, flags=SA_RESTART|SA_SIGINFO, blocked
   SIGQUIT: UserHandler in libjvm.so, mask=11100100010111111101111111111110, flags=SA_RESTART|SA_SIGINFO, blocked
   SIGTRAP: crash_handler in libjvm.so, mask=11100100010111111101111111111110, flags=SA_RESTART|SA_SIGINFO, unblocked


Periodic native trim disabled

---------------  S Y S T E M  ---------------

OS:
DISTRIB_ID=Ubuntu
DISTRIB_RELEASE=24.04
DISTRIB_CODENAME=noble
DISTRIB_DESCRIPTION="Ubuntu 24.04.4 LTS"
uname: Linux 6.17.0-35-generic #35~24.04.1-Ubuntu SMP PREEMPT_DYNAMIC Tue May 26 19:30:42 UTC 2 x86_64
OS uptime: 0 days 6:33 hours
libc: glibc 2.39 NPTL 2.39 
rlimit (soft/hard): STACK 8192k/infinity , CORE 0k/infinity , NPROC 496841/496841 , NOFILE 1048576/1048576 , AS infinity/infinity , CPU infinity/infinity , DATA infinity/infinity , FSIZE infinity/infinity , MEMLOCK 15919580k/15919580k
load average: 2.68 2.26 1.81

/proc/meminfo:
MemTotal:       127356652 kB
MemFree:        14662696 kB
MemAvailable:   88677788 kB
Buffers:         1206020 kB
Cached:         76342528 kB
SwapCached:            0 kB
Active:         68612200 kB
Inactive:       41045812 kB
Active(anon):   35150004 kB
Inactive(anon):        0 kB
Active(file):   33462196 kB
Inactive(file): 41045812 kB
Unevictable:           0 kB
Mlocked:               0 kB
SwapTotal:       8388604 kB
SwapFree:        8388604 kB
Zswap:                 0 kB
Zswapped:              0 kB
Dirty:             76228 kB
Writeback:             0 kB
AnonPages:      32110276 kB
Mapped:          4373804 kB
Shmem:           3040528 kB
KReclaimable:     722256 kB
Slab:            1035540 kB
SReclaimable:     722256 kB
SUnreclaim:       313284 kB
KernelStack:       22224 kB
PageTables:       103788 kB
SecPageTables:      2180 kB
NFS_Unstable:          0 kB
Bounce:                0 kB
WritebackTmp:          0 kB
CommitLimit:    72066928 kB
Committed_AS:   49212300 kB
VmallocTotal:   34359738367 kB
VmallocUsed:      164820 kB
VmallocChunk:          0 kB
Percpu:            14912 kB
HardwareCorrupted:     0 kB
AnonHugePages:         0 kB
ShmemHugePages:        0 kB
ShmemPmdMapped:        0 kB
FileHugePages:     96256 kB
FilePmdMapped:      4096 kB
CmaTotal:              0 kB
CmaFree:               0 kB
Unaccepted:            0 kB
Balloon:               0 kB
HugePages_Total:       0
HugePages_Free:        0
HugePages_Rsvd:        0
HugePages_Surp:        0
Hugepagesize:       2048 kB
Hugetlb:               0 kB
DirectMap4k:     1251492 kB
DirectMap2M:    35358720 kB
DirectMap1G:    98566144 kB

/sys/kernel/mm/transparent_hugepage/enabled: always [madvise] never
/sys/kernel/mm/transparent_hugepage/hpage_pmd_size: 2097152
/sys/kernel/mm/transparent_hugepage/defrag (defrag/compaction efforts parameter): always defer defer+madvise [madvise] never

Process Memory:
Virtual Size: 34923356K (peak: 34923356K)
Resident Set Size: 65672K (peak: 65672K) (anon: 40456K, file: 25216K, shmem: 0K)
Swapped out: 0K
C-Heap outstanding allocations: 39647K, retained: 2180K
glibc malloc tunables: (default)

/proc/sys/kernel/threads-max (system-wide limit on the number of threads): 993683
/proc/sys/vm/max_map_count (maximum number of memory map areas a process may have): 1048576
/proc/sys/vm/swappiness (control to define how aggressively the kernel swaps out anonymous memory): 60
/proc/sys/kernel/pid_max (system-wide limit on number of process identifiers): 4194304

container information not found.
Steal ticks since vm start: 0
Steal ticks percentage since vm start:  0.000

CPU: total 16 (initial active 16) (16 cores per cpu, 2 threads per core) family 25 model 33 stepping 2 microcode 0xa201213, cx8, cmov, fxsr, ht, mmx, 3dnowpref, sse, sse2, sse3, ssse3, sse4a, sse4.1, sse4.2, popcnt, lzcnt, tsc, tscinvbit, avx, avx2, aes, erms, clmul, bmi1, bmi2, adx, sha, fma, vzeroupper, clflush, clflushopt, rdtscp, rdpid, fsrm, f16c, pku, ospke, cet_ss
CPU Model and flags from /proc/cpuinfo:
model name	: AMD Ryzen 7 5800X3D 8-Core Processor
flags		: fpu vme de pse tsc msr pae mce cx8 apic sep mtrr pge mca cmov pat pse36 clflush mmx fxsr sse sse2 ht syscall nx mmxext fxsr_opt pdpe1gb rdtscp lm constant_tsc rep_good nopl xtopology nonstop_tsc cpuid extd_apicid aperfmperf rapl pni pclmulqdq monitor ssse3 fma cx16 sse4_1 sse4_2 x2apic movbe popcnt aes xsave avx f16c rdrand lahf_lm cmp_legacy svm extapic cr8_legacy abm sse4a misalignsse 3dnowprefetch osvw ibs skinit wdt tce topoext perfctr_core perfctr_nb bpext perfctr_llc mwaitx cpb cat_l3 cdp_l3 hw_pstate ssbd mba ibrs ibpb stibp vmmcall fsgsbase bmi1 avx2 smep bmi2 erms invpcid cqm rdt_a rdseed adx smap clflushopt clwb sha_ni xsaveopt xsavec xgetbv1 xsaves cqm_llc cqm_occup_llc cqm_mbm_total cqm_mbm_local user_shstk clzero irperf xsaveerptr rdpru wbnoinvd arat npt lbrv svm_lock nrip_save tsc_scale vmcb_clean flushbyasid decodeassists pausefilter pfthreshold avic v_vmsave_vmload vgif v_spec_ctrl umip pku ospke vaes vpclmulqdq rdpid overflow_recov succor smca fsrm debug_swap

Online cpus: 0-15
Offline cpus: 
BIOS frequency limitation: <Not Available>
Frequency switch latency (ns): 0
Available cpu frequencies: <Not Available>
Current governor: powersave
Core performance/turbo boost: 1

Memory: 4k page, physical 127356652k(88677788k free), swap 8388604k(8388604k free)
Page Sizes: 4k

vm_info: OpenJDK 64-Bit Server VM (21.0.11+10-1-24.04.2-Ubuntu) for linux-amd64 JRE (21.0.11+10-1-24.04.2-Ubuntu), built on 2026-04-26T09:33:23Z by "buildd" with gcc 13.3.0

END.
